Microsoft (R) Macro Assembler (x64) Version 14.33.31629.0   09/12/22 17:01:58
asm01.asm						     Page 1 - 1


				.586P						;
asm01.asm(1) : error A2008:syntax error : .
				.model flat,stdcall			;
asm01.asm(2) : error A2008:syntax error : .
				includelib kernel32.lib		;
				ExitProcess PROTO	:DWORD	;

				.stack 4096					;
asm01.asm(6) : error A2008:syntax error : .

 00000000			.const						;

 00000000			.data						;

 00000000			.code						;

 00000000			main PROC					;

 00000000  6A FF			push -1					;
 00000002  E8 00000000 E		call ExitProcess		;
 00000007			main ENDP					;

				end main					;
Microsoft (R) Macro Assembler (x64) Version 14.33.31629.0   09/12/22 17:01:58
asm01.asm						     Symbols 2 - 1




Segments:

                N a m e                  Length   Align   Class

CONST  . . . . . . . . . . . . .	 00000000 16	  'CONST'	 ReadOnly


Procedures, parameters, and locals:

                N a m e                 Type     Value    Attr

ExitProcess  . . . . . . . . . .	P 	 00000000 Length= 00000000 External
main . . . . . . . . . . . . . .	P 	 00000000 _TEXT	Length= 00000007 Public

	   0 Warnings
	   5 Errors
